[INFO] Scanning for projects...
[INFO] 
[INFO] -------------------------< com.buy01:gateway >--------------------------
[INFO] Building  0.0.1-SNAPSHOT
[INFO]   from pom.xml
[INFO] --------------------------------[ jar ]---------------------------------
[INFO] 
[INFO] --- clean:3.3.2:clean (default-clean) @ gateway ---
[INFO] Deleting /home/iichi/specialité/Java/buy-01/gateway/target
[INFO] 
[INFO] >>> spring-boot:3.2.5:run (default-cli) > test-compile @ gateway >>>
[INFO] 
[INFO] --- resources:3.3.1:resources (default-resources) @ gateway ---
[INFO] Copying 1 resource from src/main/resources to target/classes
[INFO] Copying 0 resource from src/main/resources to target/classes
[INFO] 
[INFO] --- compiler:3.11.0:compile (default-compile) @ gateway ---
[INFO] Changes detected - recompiling the module! :source
[INFO] Compiling 1 source file with javac [debug release 17] to target/classes
[INFO] 
[INFO] --- resources:3.3.1:testResources (default-testResources) @ gateway ---
[INFO] skip non existing resourceDirectory /home/iichi/specialité/Java/buy-01/gateway/src/test/resources
[INFO] 
[INFO] --- compiler:3.11.0:testCompile (default-testCompile) @ gateway ---
[INFO] Changes detected - recompiling the module! :dependency
[INFO] Compiling 1 source file with javac [debug release 17] to target/test-classes
[INFO] 
[INFO] <<< spring-boot:3.2.5:run (default-cli) < test-compile @ gateway <<<
[INFO] 
[INFO] 
[INFO] --- spring-boot:3.2.5:run (default-cli) @ gateway ---
[INFO] Attaching agents: []

  .   ____          _            __ _ _
 /\\ / ___'_ __ _ _(_)_ __  __ _ \ \ \ \
( ( )\___ | '_ | '_| | '_ \/ _` | \ \ \ \
 \\/  ___)| |_)| | | | | || (_| |  ) ) ) )
  '  |____| .__|_| |_|_| |_\__, | / / / /
 =========|_|==============|___/=/_/_/_/
 :: Spring Boot ::                (v3.2.5)

2026-04-18T13:23:50.448+01:00  INFO 281834 --- [API-GATEWAY] [           main] com.buy01.gateway.GatewayApplication     : Starting GatewayApplication using Java 25.0.2 with PID 281834 (/home/iichi/specialité/Java/buy-01/gateway/target/classes started by iichi in /home/iichi/specialité/Java/buy-01/gateway)
2026-04-18T13:23:50.449+01:00  INFO 281834 --- [API-GATEWAY] [           main] com.buy01.gateway.GatewayApplication     : No active profile set, falling back to 1 default profile: "default"
2026-04-18T13:23:50.910+01:00  INFO 281834 --- [API-GATEWAY] [           main] o.s.cloud.context.scope.GenericScope     : BeanFactory id=39ebf21d-2b25-30f4-8e65-2203453a4373
2026-04-18T13:23:50.945+01:00  WARN 281834 --- [API-GATEWAY] [           main] trationDelegate$BeanPostProcessorChecker : Bean 'org.springframework.cloud.client.loadbalancer.LoadBalancerAutoConfiguration$DeferringLoadBalancerInterceptorConfig' of type [org.springframework.cloud.client.loadbalancer.LoadBalancerAutoConfiguration$DeferringLoadBalancerInterceptorConfig] is not eligible for getting processed by all BeanPostProcessors (for example: not eligible for auto-proxying). The currently created BeanPostProcessor [lbRestClientPostProcessor] is declared through a non-static factory method on that class; consider declaring it as static instead.
2026-04-18T13:23:50.946+01:00  WARN 281834 --- [API-GATEWAY] [           main] trationDelegate$BeanPostProcessorChecker : Bean 'deferringLoadBalancerInterceptor' of type [org.springframework.cloud.client.loadbalancer.DeferringLoadBalancerInterceptor] is not eligible for getting processed by all BeanPostProcessors (for example: not eligible for auto-proxying). Is this bean getting eagerly injected into a currently created BeanPostProcessor [lbRestClientPostProcessor]? Check the corresponding BeanPostProcessor declaration and its dependencies.
2026-04-18T13:23:50.947+01:00  WARN 281834 --- [API-GATEWAY] [           main] trationDelegate$BeanPostProcessorChecker : Bean 'org.springframework.cloud.client.loadbalancer.reactive.LoadBalancerBeanPostProcessorAutoConfiguration' of type [org.springframework.cloud.client.loadbalancer.reactive.LoadBalancerBeanPostProcessorAutoConfiguration] is not eligible for getting processed by all BeanPostProcessors (for example: not eligible for auto-proxying). The currently created BeanPostProcessor [loadBalancerWebClientBuilderBeanPostProcessor] is declared through a non-static factory method on that class; consider declaring it as static instead.
2026-04-18T13:23:50.947+01:00  WARN 281834 --- [API-GATEWAY] [           main] trationDelegate$BeanPostProcessorChecker : Bean 'org.springframework.cloud.client.loadbalancer.reactive.LoadBalancerBeanPostProcessorAutoConfiguration$ReactorDeferringLoadBalancerFilterConfig' of type [org.springframework.cloud.client.loadbalancer.reactive.LoadBalancerBeanPostProcessorAutoConfiguration$ReactorDeferringLoadBalancerFilterConfig] is not eligible for getting processed by all BeanPostProcessors (for example: not eligible for auto-proxying). Is this bean getting eagerly injected into a currently created BeanPostProcessor [loadBalancerWebClientBuilderBeanPostProcessor]? Check the corresponding BeanPostProcessor declaration and its dependencies.
2026-04-18T13:23:50.947+01:00  WARN 281834 --- [API-GATEWAY] [           main] trationDelegate$BeanPostProcessorChecker : Bean 'reactorDeferringLoadBalancerExchangeFilterFunction' of type [org.springframework.cloud.client.loadbalancer.reactive.DeferringLoadBalancerExchangeFilterFunction] is not eligible for getting processed by all BeanPostProcessors (for example: not eligible for auto-proxying). Is this bean getting eagerly injected into a currently created BeanPostProcessor [loadBalancerWebClientBuilderBeanPostProcessor]? Check the corresponding BeanPostProcessor declaration and its dependencies.
WARNING: A terminally deprecated method in sun.misc.Unsafe has been called
WARNING: sun.misc.Unsafe::objectFieldOffset has been called by io.netty.util.internal.PlatformDependent0$4 (file:/home/iichi/.m2/repository/io/netty/netty-common/4.1.109.Final/netty-common-4.1.109.Final.jar)
WARNING: Please consider reporting this to the maintainers of class io.netty.util.internal.PlatformDependent0$4
WARNING: sun.misc.Unsafe::objectFieldOffset will be removed in a future release
2026-04-18T13:23:51.358+01:00  INFO 281834 --- [API-GATEWAY] [           main] o.s.c.g.r.RouteDefinitionRouteLocator    : Loaded RoutePredicateFactory [After]
2026-04-18T13:23:51.358+01:00  INFO 281834 --- [API-GATEWAY] [           main] o.s.c.g.r.RouteDefinitionRouteLocator    : Loaded RoutePredicateFactory [Before]
2026-04-18T13:23:51.358+01:00  INFO 281834 --- [API-GATEWAY] [           main] o.s.c.g.r.RouteDefinitionRouteLocator    : Loaded RoutePredicateFactory [Between]
2026-04-18T13:23:51.358+01:00  INFO 281834 --- [API-GATEWAY] [           main] o.s.c.g.r.RouteDefinitionRouteLocator    : Loaded RoutePredicateFactory [Cookie]
2026-04-18T13:23:51.358+01:00  INFO 281834 --- [API-GATEWAY] [           main] o.s.c.g.r.RouteDefinitionRouteLocator    : Loaded RoutePredicateFactory [Header]
2026-04-18T13:23:51.358+01:00  INFO 281834 --- [API-GATEWAY] [           main] o.s.c.g.r.RouteDefinitionRouteLocator    : Loaded RoutePredicateFactory [Host]
2026-04-18T13:23:51.358+01:00  INFO 281834 --- [API-GATEWAY] [           main] o.s.c.g.r.RouteDefinitionRouteLocator    : Loaded RoutePredicateFactory [Method]
2026-04-18T13:23:51.358+01:00  INFO 281834 --- [API-GATEWAY] [           main] o.s.c.g.r.RouteDefinitionRouteLocator    : Loaded RoutePredicateFactory [Path]
2026-04-18T13:23:51.358+01:00  INFO 281834 --- [API-GATEWAY] [           main] o.s.c.g.r.RouteDefinitionRouteLocator    : Loaded RoutePredicateFactory [Query]
2026-04-18T13:23:51.358+01:00  INFO 281834 --- [API-GATEWAY] [           main] o.s.c.g.r.RouteDefinitionRouteLocator    : Loaded RoutePredicateFactory [ReadBody]
2026-04-18T13:23:51.358+01:00  INFO 281834 --- [API-GATEWAY] [           main] o.s.c.g.r.RouteDefinitionRouteLocator    : Loaded RoutePredicateFactory [RemoteAddr]
2026-04-18T13:23:51.359+01:00  INFO 281834 --- [API-GATEWAY] [           main] o.s.c.g.r.RouteDefinitionRouteLocator    : Loaded RoutePredicateFactory [XForwardedRemoteAddr]
2026-04-18T13:23:51.359+01:00  INFO 281834 --- [API-GATEWAY] [           main] o.s.c.g.r.RouteDefinitionRouteLocator    : Loaded RoutePredicateFactory [Weight]
2026-04-18T13:23:51.359+01:00  INFO 281834 --- [API-GATEWAY] [           main] o.s.c.g.r.RouteDefinitionRouteLocator    : Loaded RoutePredicateFactory [CloudFoundryRouteService]
2026-04-18T13:23:51.428+01:00  INFO 281834 --- [API-GATEWAY] [           main] o.s.b.a.e.web.EndpointLinksResolver      : Exposing 0 endpoint(s) beneath base path '/actuator'
2026-04-18T13:23:51.622+01:00  INFO 281834 --- [API-GATEWAY] [           main] DiscoveryClientOptionalArgsConfiguration : Eureka HTTP Client uses RestTemplate.
2026-04-18T13:23:51.635+01:00  WARN 281834 --- [API-GATEWAY] [           main] iguration$LoadBalancerCaffeineWarnLogger : Spring Cloud LoadBalancer is currently working with the default cache. While this cache implementation is useful for development and tests, it's recommended to use Caffeine cache in production.You can switch to using Caffeine cache, by adding it and org.springframework.cache.caffeine.CaffeineCacheManager to the classpath.
2026-04-18T13:23:51.656+01:00  INFO 281834 --- [API-GATEWAY] [           main] o.s.c.n.eureka.InstanceInfoFactory       : Setting initial instance status as: STARTING
2026-04-18T13:23:51.665+01:00  INFO 281834 --- [API-GATEWAY] [           main] com.netflix.discovery.DiscoveryClient    : Initializing Eureka in region us-east-1
2026-04-18T13:23:51.667+01:00  INFO 281834 --- [API-GATEWAY] [           main] c.n.d.s.r.aws.ConfigClusterResolver      : Resolving eureka endpoints via configuration
2026-04-18T13:23:51.670+01:00  INFO 281834 --- [API-GATEWAY] [           main] com.netflix.discovery.DiscoveryClient    : Disable delta property : false
2026-04-18T13:23:51.670+01:00  INFO 281834 --- [API-GATEWAY] [           main] com.netflix.discovery.DiscoveryClient    : Single vip registry refresh property : null
2026-04-18T13:23:51.671+01:00  INFO 281834 --- [API-GATEWAY] [           main] com.netflix.discovery.DiscoveryClient    : Force full registry fetch : false
2026-04-18T13:23:51.671+01:00  INFO 281834 --- [API-GATEWAY] [           main] com.netflix.discovery.DiscoveryClient    : Application is null : false
2026-04-18T13:23:51.671+01:00  INFO 281834 --- [API-GATEWAY] [           main] com.netflix.discovery.DiscoveryClient    : Registered Applications size is zero : true
2026-04-18T13:23:51.671+01:00  INFO 281834 --- [API-GATEWAY] [           main] com.netflix.discovery.DiscoveryClient    : Application version is -1: true
2026-04-18T13:23:51.671+01:00  INFO 281834 --- [API-GATEWAY] [           main] com.netflix.discovery.DiscoveryClient    : Getting all instance registry info from the eureka server
2026-04-18T13:23:51.881+01:00  INFO 281834 --- [API-GATEWAY] [           main] com.netflix.discovery.DiscoveryClient    : The response status is 200
2026-04-18T13:23:51.882+01:00  INFO 281834 --- [API-GATEWAY] [           main] com.netflix.discovery.DiscoveryClient    : Starting heartbeat executor: renew interval is: 30
2026-04-18T13:23:51.882+01:00  INFO 281834 --- [API-GATEWAY] [           main] c.n.discovery.InstanceInfoReplicator     : InstanceInfoReplicator onDemand update allowed rate per min is 4
2026-04-18T13:23:51.883+01:00  INFO 281834 --- [API-GATEWAY] [           main] com.netflix.discovery.DiscoveryClient    : Discovery Client initialized at timestamp 1776515031883 with initial instances count: 0
2026-04-18T13:23:51.885+01:00  INFO 281834 --- [API-GATEWAY] [           main] o.s.c.n.e.s.EurekaServiceRegistry        : Registering application API-GATEWAY with eureka with status UP
2026-04-18T13:23:51.885+01:00  INFO 281834 --- [API-GATEWAY] [           main] com.netflix.discovery.DiscoveryClient    : Saw local status change event StatusChangeEvent [timestamp=1776515031885, current=UP, previous=STARTING]
2026-04-18T13:23:51.886+01:00  INFO 281834 --- [API-GATEWAY] [foReplicator-%d] com.netflix.discovery.DiscoveryClient    : DiscoveryClient_API-GATEWAY/10.1.16.12:API-GATEWAY:8080: registering service...
WARNING: A restricted method in java.lang.System has been called
WARNING: java.lang.System::loadLibrary has been called by io.netty.util.internal.NativeLibraryUtil in an unnamed module (file:/home/iichi/.m2/repository/io/netty/netty-common/4.1.109.Final/netty-common-4.1.109.Final.jar)
WARNING: Use --enable-native-access=ALL-UNNAMED to avoid a warning for callers in this module
WARNING: Restricted methods will be blocked in a future release unless native access is enabled

2026-04-18T13:23:51.943+01:00  INFO 281834 --- [API-GATEWAY] [foReplicator-%d] com.netflix.discovery.DiscoveryClient    : DiscoveryClient_API-GATEWAY/10.1.16.12:API-GATEWAY:8080 - registration status: 204
2026-04-18T13:23:51.970+01:00  INFO 281834 --- [API-GATEWAY] [           main] o.s.b.web.embedded.netty.NettyWebServer  : Netty started on port 8080
2026-04-18T13:23:51.971+01:00  INFO 281834 --- [API-GATEWAY] [           main] .s.c.n.e.s.EurekaAutoServiceRegistration : Updating port to 8080
2026-04-18T13:23:52.069+01:00  INFO 281834 --- [API-GATEWAY] [           main] com.buy01.gateway.GatewayApplication     : Started GatewayApplication in 1.834 seconds (process running for 1.973)
2026-04-18T13:23:56.882+01:00  INFO 281834 --- [API-GATEWAY] [reshExecutor-%d] com.netflix.discovery.DiscoveryClient    : Disable delta property : false
2026-04-18T13:23:56.882+01:00  INFO 281834 --- [API-GATEWAY] [reshExecutor-%d] com.netflix.discovery.DiscoveryClient    : Single vip registry refresh property : null
2026-04-18T13:23:56.882+01:00  INFO 281834 --- [API-GATEWAY] [reshExecutor-%d] com.netflix.discovery.DiscoveryClient    : Force full registry fetch : false
2026-04-18T13:23:56.882+01:00  INFO 281834 --- [API-GATEWAY] [reshExecutor-%d] com.netflix.discovery.DiscoveryClient    : Application is null : false
2026-04-18T13:23:56.882+01:00  INFO 281834 --- [API-GATEWAY] [reshExecutor-%d] com.netflix.discovery.DiscoveryClient    : Registered Applications size is zero : true
2026-04-18T13:23:56.882+01:00  INFO 281834 --- [API-GATEWAY] [reshExecutor-%d] com.netflix.discovery.DiscoveryClient    : Application version is -1: false
2026-04-18T13:23:56.882+01:00  INFO 281834 --- [API-GATEWAY] [reshExecutor-%d] com.netflix.discovery.DiscoveryClient    : Getting all instance registry info from the eureka server
2026-04-18T13:23:56.886+01:00  INFO 281834 --- [API-GATEWAY] [reshExecutor-%d] com.netflix.discovery.DiscoveryClient    : The response status is 200
2026-04-18T13:24:01.889+01:00  INFO 281834 --- [API-GATEWAY] [reshExecutor-%d] com.netflix.discovery.DiscoveryClient    : Disable delta property : false
2026-04-18T13:24:01.889+01:00  INFO 281834 --- [API-GATEWAY] [reshExecutor-%d] com.netflix.discovery.DiscoveryClient    : Single vip registry refresh property : null
2026-04-18T13:24:01.889+01:00  INFO 281834 --- [API-GATEWAY] [reshExecutor-%d] com.netflix.discovery.DiscoveryClient    : Force full registry fetch : false
2026-04-18T13:24:01.889+01:00  INFO 281834 --- [API-GATEWAY] [reshExecutor-%d] com.netflix.discovery.DiscoveryClient    : Application is null : false
2026-04-18T13:24:01.889+01:00  INFO 281834 --- [API-GATEWAY] [reshExecutor-%d] com.netflix.discovery.DiscoveryClient    : Registered Applications size is zero : true
2026-04-18T13:24:01.889+01:00  INFO 281834 --- [API-GATEWAY] [reshExecutor-%d] com.netflix.discovery.DiscoveryClient    : Application version is -1: false
2026-04-18T13:24:01.889+01:00  INFO 281834 --- [API-GATEWAY] [reshExecutor-%d] com.netflix.discovery.DiscoveryClient    : Getting all instance registry info from the eureka server
2026-04-18T13:24:01.908+01:00  INFO 281834 --- [API-GATEWAY] [reshExecutor-%d] com.netflix.discovery.DiscoveryClient    : The response status is 200
2026-04-18T13:28:51.671+01:00  INFO 281834 --- [API-GATEWAY] [rap-executor-%d] c.n.d.s.r.aws.ConfigClusterResolver      : Resolving eureka endpoints via configuration
