[INFO] Scanning for projects...
[INFO] 
[INFO] -------------------------< com.buy01:product >--------------------------
[INFO] Building  0.0.1-SNAPSHOT
[INFO]   from pom.xml
[INFO] --------------------------------[ jar ]---------------------------------
[INFO] 
[INFO] --- clean:3.5.0:clean (default-clean) @ product ---
[INFO] Deleting /home/iichi/specialité/Java/buy-01/product-service/target
[INFO] 
[INFO] >>> spring-boot:4.0.5:run (default-cli) > test-compile @ product >>>
[INFO] 
[INFO] --- resources:3.3.1:resources (default-resources) @ product ---
[INFO] Copying 1 resource from src/main/resources to target/classes
[INFO] Copying 0 resource from src/main/resources to target/classes
[INFO] 
[INFO] --- compiler:3.14.1:compile (default-compile) @ product ---
[INFO] Recompiling the module because of changed source code.
[INFO] Compiling 4 source files with javac [debug parameters release 25] to target/classes
WARNING: A terminally deprecated method in sun.misc.Unsafe has been called
WARNING: sun.misc.Unsafe::objectFieldOffset has been called by lombok.permit.Permit
WARNING: Please consider reporting this to the maintainers of class lombok.permit.Permit
WARNING: sun.misc.Unsafe::objectFieldOffset will be removed in a future release
[INFO] 
[INFO] --- resources:3.3.1:testResources (default-testResources) @ product ---
[INFO] skip non existing resourceDirectory /home/iichi/specialité/Java/buy-01/product-service/src/test/resources
[INFO] 
[INFO] --- compiler:3.14.1:testCompile (default-testCompile) @ product ---
[INFO] Recompiling the module because of changed dependency.
[INFO] Compiling 1 source file with javac [debug parameters release 25] to target/test-classes
[INFO] 
[INFO] <<< spring-boot:4.0.5:run (default-cli) < test-compile @ product <<<
[INFO] 
[INFO] 
[INFO] --- spring-boot:4.0.5:run (default-cli) @ product ---
[INFO] Attaching agents: []

  .   ____          _            __ _ _
 /\\ / ___'_ __ _ _(_)_ __  __ _ \ \ \ \
( ( )\___ | '_ | '_| | '_ \/ _` | \ \ \ \
 \\/  ___)| |_)| | | | | || (_| |  ) ) ) )
  '  |____| .__|_| |_|_| |_\__, | / / / /
 =========|_|==============|___/=/_/_/_/

 :: Spring Boot ::                (v4.0.5)

2026-04-18T13:24:01.077+01:00  INFO 282556 --- [product-service] [  restartedMain] com.buy01.product.ProductApplication     : Starting ProductApplication using Java 25.0.2 with PID 282556 (/home/iichi/specialité/Java/buy-01/product-service/target/classes started by iichi in /home/iichi/specialité/Java/buy-01/product-service)
2026-04-18T13:24:01.078+01:00  INFO 282556 --- [product-service] [  restartedMain] com.buy01.product.ProductApplication     : No active profile set, falling back to 1 default profile: "default"
2026-04-18T13:24:01.107+01:00  INFO 282556 --- [product-service] [  restartedMain] .e.DevToolsPropertyDefaultsPostProcessor : Devtools property defaults active! Set 'spring.devtools.add-properties' to 'false' to disable
2026-04-18T13:24:01.107+01:00  INFO 282556 --- [product-service] [  restartedMain] .e.DevToolsPropertyDefaultsPostProcessor : For additional web related logging consider setting the 'logging.level.web' property to 'DEBUG'
2026-04-18T13:24:01.568+01:00  INFO 282556 --- [product-service] [  restartedMain] .s.d.r.c.RepositoryConfigurationDelegate : Bootstrapping Spring Data MongoDB repositories in DEFAULT mode.
2026-04-18T13:24:01.577+01:00  INFO 282556 --- [product-service] [  restartedMain] .s.d.r.c.RepositoryConfigurationDelegate : Finished Spring Data repository scanning in 5 ms. Found 0 MongoDB repository interfaces.
2026-04-18T13:24:01.746+01:00  INFO 282556 --- [product-service] [  restartedMain] o.s.cloud.context.scope.GenericScope     : BeanFactory id=d7081117-0e5f-3f9b-aadb-4b1d9c5b07e7
2026-04-18T13:24:01.981+01:00  INFO 282556 --- [product-service] [  restartedMain] o.s.boot.tomcat.TomcatWebServer          : Tomcat initialized with port 8082 (http)
2026-04-18T13:24:01.990+01:00  INFO 282556 --- [product-service] [  restartedMain] o.apache.catalina.core.StandardService   : Starting service [Tomcat]
2026-04-18T13:24:01.990+01:00  INFO 282556 --- [product-service] [  restartedMain] o.apache.catalina.core.StandardEngine    : Starting Servlet engine: [Apache Tomcat/11.0.20]
2026-04-18T13:24:02.009+01:00  INFO 282556 --- [product-service] [  restartedMain] b.w.c.s.WebApplicationContextInitializer : Root WebApplicationContext: initialization completed in 901 ms
2026-04-18T13:24:02.446+01:00  INFO 282556 --- [product-service] [  restartedMain] org.mongodb.driver.client                : MongoClient with metadata {"driver": {"name": "mongo-java-driver|spring-boot|sync", "version": "5.6.4"}, "os": {"type": "Linux", "name": "Linux", "architecture": "amd64", "version": "6.8.0-106-generic"}, "platform": "Java/Ubuntu/25.0.2+10-Ubuntu-122.04"} created with settings MongoClientSettings{readPreference=primary, writeConcern=WriteConcern{w=null, wTimeout=null ms, journal=null}, retryWrites=true, retryReads=true, readConcern=ReadConcern{level=null}, credential=null, transportSettings=null, commandListeners=[io.micrometer.core.instrument.binder.mongodb.MongoMetricsCommandListener@7a65290e], codecRegistry=ProvidersCodecRegistry{codecProviders=[ValueCodecProvider{}, BsonValueCodecProvider{}, DBRefCodecProvider{}, DBObjectCodecProvider{}, DocumentCodecProvider{}, CollectionCodecProvider{}, IterableCodecProvider{}, MapCodecProvider{}, GeoJsonCodecProvider{}, GridFSFileCodecProvider{}, Jsr310CodecProvider{}, JsonObjectCodecProvider{}, BsonCodecProvider{}, com.mongodb.client.model.mql.ExpressionCodecProvider@4eb9ce30, com.mongodb.Jep395RecordCodecProvider@586d44c4, com.mongodb.KotlinCodecProvider@5441d54c, EnumCodecProvider{}]}, loggerSettings=LoggerSettings{maxDocumentLength=1000}, clusterSettings={hosts=[localhost:27017], srvServiceName=mongodb, mode=SINGLE, requiredClusterType=UNKNOWN, requiredReplicaSetName='null', serverSelector='null', clusterListeners='[]', serverSelectionTimeout='30000 ms', localThreshold='15 ms'}, socketSettings=SocketSettings{connectTimeoutMS=10000, readTimeoutMS=0, receiveBufferSize=0, proxySettings=ProxySettings{host=null, port=null, username=null, password=null}}, heartbeatSocketSettings=SocketSettings{connectTimeoutMS=10000, readTimeoutMS=10000, receiveBufferSize=0, proxySettings=ProxySettings{host=null, port=null, username=null, password=null}}, connectionPoolSettings=ConnectionPoolSettings{maxSize=100, minSize=0, maxWaitTimeMS=120000, maxConnectionLifeTimeMS=0, maxConnectionIdleTimeMS=0, maintenanceInitialDelayMS=0, maintenanceFrequencyMS=60000, connectionPoolListeners=[io.micrometer.core.instrument.binder.mongodb.MongoMetricsConnectionPoolListener@73fbb93], maxConnecting=2}, serverSettings=ServerSettings{heartbeatFrequencyMS=10000, minHeartbeatFrequencyMS=500, serverMonitoringMode=AUTO, serverListeners='[]', serverMonitorListeners='[]'}, sslSettings=SslSettings{enabled=false, invalidHostNameAllowed=false, context=null}, applicationName='null', compressorList=[], uuidRepresentation=UNSPECIFIED, serverApi=null, autoEncryptionSettings=null, dnsClient=null, inetAddressResolver=null, contextProvider=null, timeoutMS=null}
2026-04-18T13:24:02.458+01:00  INFO 282556 --- [product-service] [localhost:27017] org.mongodb.driver.cluster               : Monitor thread successfully connected to server with description ServerDescription{address=localhost:27017, type=STANDALONE, cryptd=false, state=CONNECTED, ok=true, minWireVersion=0, maxWireVersion=27, maxDocumentSize=16777216, logicalSessionTimeoutMinutes=30, roundTripTimeNanos=9928312, minRoundTripTimeNanos=0}
2026-04-18T13:24:02.642+01:00  WARN 282556 --- [product-service] [  restartedMain] .s.a.UserDetailsServiceAutoConfiguration : 

Using generated security password: 37db6d8a-c1b0-4f51-89e4-ede5cea6d5ba

This generated password is for development use only. Your security configuration must be updated before running your application in production.

2026-04-18T13:24:02.655+01:00  INFO 282556 --- [product-service] [  restartedMain] r$InitializeUserDetailsManagerConfigurer : Global AuthenticationManager configured with UserDetailsService bean with name inMemoryUserDetailsManager
2026-04-18T13:24:02.721+01:00  INFO 282556 --- [product-service] [  restartedMain] o.s.b.a.e.web.EndpointLinksResolver      : Exposing 2 endpoints beneath base path '/actuator'
2026-04-18T13:24:02.891+01:00  INFO 282556 --- [product-service] [  restartedMain] DiscoveryClientOptionalArgsConfiguration : Eureka HTTP Client uses RestClient.
2026-04-18T13:24:02.911+01:00  WARN 282556 --- [product-service] [  restartedMain] iguration$LoadBalancerCaffeineWarnLogger : Spring Cloud LoadBalancer is currently working with the default cache. While this cache implementation is useful for development and tests, it's recommended to use Caffeine cache in production.You can switch to using Caffeine cache, by adding it and org.springframework.cache.caffeine.CaffeineCacheManager to the classpath.
2026-04-18T13:24:02.949+01:00  INFO 282556 --- [product-service] [  restartedMain] o.s.c.n.eureka.InstanceInfoFactory       : Setting initial instance status as: STARTING
2026-04-18T13:24:02.960+01:00  INFO 282556 --- [product-service] [  restartedMain] com.netflix.discovery.DiscoveryClient    : Initializing Eureka in region us-east-1
2026-04-18T13:24:02.961+01:00  INFO 282556 --- [product-service] [  restartedMain] c.n.d.s.r.aws.ConfigClusterResolver      : Resolving eureka endpoints via configuration
2026-04-18T13:24:02.965+01:00  INFO 282556 --- [product-service] [  restartedMain] com.netflix.discovery.DiscoveryClient    : Disable delta property : false
2026-04-18T13:24:02.965+01:00  INFO 282556 --- [product-service] [  restartedMain] com.netflix.discovery.DiscoveryClient    : Single vip registry refresh property : null
2026-04-18T13:24:02.965+01:00  INFO 282556 --- [product-service] [  restartedMain] com.netflix.discovery.DiscoveryClient    : Force full registry fetch : false
2026-04-18T13:24:02.965+01:00  INFO 282556 --- [product-service] [  restartedMain] com.netflix.discovery.DiscoveryClient    : Application is null : false
2026-04-18T13:24:02.965+01:00  INFO 282556 --- [product-service] [  restartedMain] com.netflix.discovery.DiscoveryClient    : Registered Applications size is zero : true
2026-04-18T13:24:02.965+01:00  INFO 282556 --- [product-service] [  restartedMain] com.netflix.discovery.DiscoveryClient    : Application version is -1: true
2026-04-18T13:24:02.965+01:00  INFO 282556 --- [product-service] [  restartedMain] com.netflix.discovery.DiscoveryClient    : Getting all instance registry info from the eureka server
2026-04-18T13:24:03.138+01:00  INFO 282556 --- [product-service] [  restartedMain] com.netflix.discovery.DiscoveryClient    : The response status is 200
2026-04-18T13:24:03.139+01:00  INFO 282556 --- [product-service] [  restartedMain] com.netflix.discovery.DiscoveryClient    : Starting heartbeat executor: renew interval is: 30
2026-04-18T13:24:03.140+01:00  INFO 282556 --- [product-service] [  restartedMain] c.n.discovery.InstanceInfoReplicator     : InstanceInfoReplicator onDemand update allowed rate per min is 4
2026-04-18T13:24:03.141+01:00  INFO 282556 --- [product-service] [  restartedMain] com.netflix.discovery.DiscoveryClient    : Discovery Client initialized at timestamp 1776515043141 with initial instances count: 2
2026-04-18T13:24:03.142+01:00  INFO 282556 --- [product-service] [  restartedMain] o.s.c.n.e.s.EurekaServiceRegistry        : Registering application PRODUCT-SERVICE with eureka with status UP
2026-04-18T13:24:03.143+01:00  INFO 282556 --- [product-service] [  restartedMain] com.netflix.discovery.DiscoveryClient    : Saw local status change event StatusChangeEvent [timestamp=1776515043143, current=UP, previous=STARTING]
2026-04-18T13:24:03.143+01:00  INFO 282556 --- [product-service] [foReplicator-%d] com.netflix.discovery.DiscoveryClient    : DiscoveryClient_PRODUCT-SERVICE/10.1.16.12:product-service:8082: registering service...
2026-04-18T13:24:03.149+01:00  INFO 282556 --- [product-service] [  restartedMain] o.s.boot.tomcat.TomcatWebServer          : Tomcat started on port 8082 (http) with context path '/'
2026-04-18T13:24:03.150+01:00  INFO 282556 --- [product-service] [  restartedMain] .s.c.n.e.s.EurekaAutoServiceRegistration : Updating port to 8082
2026-04-18T13:24:03.163+01:00  INFO 282556 --- [product-service] [foReplicator-%d] com.netflix.discovery.DiscoveryClient    : DiscoveryClient_PRODUCT-SERVICE/10.1.16.12:product-service:8082 - registration status: 204
2026-04-18T13:24:03.201+01:00  INFO 282556 --- [product-service] [  restartedMain] com.buy01.product.ProductApplication     : Started ProductApplication in 2.362 seconds (process running for 2.7)
Service is running on http://localhost:8082
2026-04-18T13:25:02.075+01:00  INFO 282556 --- [product-service] [   File Watcher] rtingClassPathChangeChangedEventListener : Restarting due to 1 class path change (0 additions, 0 deletions, 1 modification)
2026-04-18T13:25:02.079+01:00  INFO 282556 --- [product-service] [       Thread-1] o.s.c.n.e.s.EurekaServiceRegistry        : Unregistering application PRODUCT-SERVICE with eureka with status DOWN
2026-04-18T13:25:02.080+01:00  INFO 282556 --- [product-service] [       Thread-1] com.netflix.discovery.DiscoveryClient    : Saw local status change event StatusChangeEvent [timestamp=1776515102079, current=DOWN, previous=UP]
2026-04-18T13:25:02.080+01:00  INFO 282556 --- [product-service] [foReplicator-%d] com.netflix.discovery.DiscoveryClient    : DiscoveryClient_PRODUCT-SERVICE/10.1.16.12:product-service:8082: registering service...
2026-04-18T13:25:02.084+01:00  INFO 282556 --- [product-service] [       Thread-1] o.s.boot.tomcat.GracefulShutdown         : Commencing graceful shutdown. Waiting for active requests to complete
2026-04-18T13:25:02.087+01:00  INFO 282556 --- [product-service] [tomcat-shutdown] o.s.boot.tomcat.GracefulShutdown         : Graceful shutdown complete
2026-04-18T13:25:02.097+01:00  INFO 282556 --- [product-service] [foReplicator-%d] com.netflix.discovery.DiscoveryClient    : DiscoveryClient_PRODUCT-SERVICE/10.1.16.12:product-service:8082 - registration status: 204
2026-04-18T13:25:02.105+01:00  INFO 282556 --- [product-service] [       Thread-1] com.netflix.discovery.DiscoveryClient    : Shutting down DiscoveryClient ...
2026-04-18T13:25:05.106+01:00  INFO 282556 --- [product-service] [       Thread-1] com.netflix.discovery.DiscoveryClient    : Unregistering ...
2026-04-18T13:25:05.106+01:00  WARN 282556 --- [product-service] [coveryClient-%d] c.netflix.discovery.TimedSupervisorTask  : task supervisor shutting down, can't accept the task
2026-04-18T13:25:05.109+01:00  INFO 282556 --- [product-service] [       Thread-1] com.netflix.discovery.DiscoveryClient    : DiscoveryClient_PRODUCT-SERVICE/10.1.16.12:product-service:8082 - deregister  status: 200
2026-04-18T13:25:05.110+01:00  INFO 282556 --- [product-service] [       Thread-1] com.netflix.discovery.DiscoveryClient    : Completed shut down of DiscoveryClient

  .   ____          _            __ _ _
 /\\ / ___'_ __ _ _(_)_ __  __ _ \ \ \ \
( ( )\___ | '_ | '_| | '_ \/ _` | \ \ \ \
 \\/  ___)| |_)| | | | | || (_| |  ) ) ) )
  '  |____| .__|_| |_|_| |_\__, | / / / /
 =========|_|==============|___/=/_/_/_/

 :: Spring Boot ::                (v4.0.5)

2026-04-18T13:25:05.184+01:00  INFO 282556 --- [product-service] [  restartedMain] com.buy01.product.ProductApplication     : Starting ProductApplication using Java 25.0.2 with PID 282556 (/home/iichi/specialité/Java/buy-01/product-service/target/classes started by iichi in /home/iichi/specialité/Java/buy-01/product-service)
2026-04-18T13:25:05.184+01:00  INFO 282556 --- [product-service] [  restartedMain] com.buy01.product.ProductApplication     : No active profile set, falling back to 1 default profile: "default"
2026-04-18T13:25:05.282+01:00  INFO 282556 --- [product-service] [  restartedMain] .s.d.r.c.RepositoryConfigurationDelegate : Bootstrapping Spring Data MongoDB repositories in DEFAULT mode.
2026-04-18T13:25:05.284+01:00  INFO 282556 --- [product-service] [  restartedMain] .s.d.r.c.RepositoryConfigurationDelegate : Finished Spring Data repository scanning in 1 ms. Found 0 MongoDB repository interfaces.
2026-04-18T13:25:05.358+01:00  INFO 282556 --- [product-service] [  restartedMain] o.s.cloud.context.scope.GenericScope     : BeanFactory id=d7081117-0e5f-3f9b-aadb-4b1d9c5b07e7
2026-04-18T13:25:05.390+01:00  INFO 282556 --- [product-service] [  restartedMain] o.s.boot.tomcat.TomcatWebServer          : Tomcat initialized with port 8082 (http)
2026-04-18T13:25:05.391+01:00  INFO 282556 --- [product-service] [  restartedMain] o.apache.catalina.core.StandardService   : Starting service [Tomcat]
2026-04-18T13:25:05.391+01:00  INFO 282556 --- [product-service] [  restartedMain] o.apache.catalina.core.StandardEngine    : Starting Servlet engine: [Apache Tomcat/11.0.20]
2026-04-18T13:25:05.398+01:00  INFO 282556 --- [product-service] [  restartedMain] b.w.c.s.WebApplicationContextInitializer : Root WebApplicationContext: initialization completed in 213 ms
2026-04-18T13:25:05.486+01:00  INFO 282556 --- [product-service] [  restartedMain] org.mongodb.driver.client                : MongoClient with metadata {"driver": {"name": "mongo-java-driver|spring-boot|sync", "version": "5.6.4"}, "os": {"type": "Linux", "name": "Linux", "architecture": "amd64", "version": "6.8.0-106-generic"}, "platform": "Java/Ubuntu/25.0.2+10-Ubuntu-122.04"} created with settings MongoClientSettings{readPreference=primary, writeConcern=WriteConcern{w=null, wTimeout=null ms, journal=null}, retryWrites=true, retryReads=true, readConcern=ReadConcern{level=null}, credential=null, transportSettings=null, commandListeners=[io.micrometer.core.instrument.binder.mongodb.MongoMetricsCommandListener@7fa83756], codecRegistry=ProvidersCodecRegistry{codecProviders=[ValueCodecProvider{}, BsonValueCodecProvider{}, DBRefCodecProvider{}, DBObjectCodecProvider{}, DocumentCodecProvider{}, CollectionCodecProvider{}, IterableCodecProvider{}, MapCodecProvider{}, GeoJsonCodecProvider{}, GridFSFileCodecProvider{}, Jsr310CodecProvider{}, JsonObjectCodecProvider{}, BsonCodecProvider{}, com.mongodb.client.model.mql.ExpressionCodecProvider@4eb9ce30, com.mongodb.Jep395RecordCodecProvider@586d44c4, com.mongodb.KotlinCodecProvider@5441d54c, EnumCodecProvider{}]}, loggerSettings=LoggerSettings{maxDocumentLength=1000}, clusterSettings={hosts=[localhost:27017], srvServiceName=mongodb, mode=SINGLE, requiredClusterType=UNKNOWN, requiredReplicaSetName='null', serverSelector='null', clusterListeners='[]', serverSelectionTimeout='30000 ms', localThreshold='15 ms'}, socketSettings=SocketSettings{connectTimeoutMS=10000, readTimeoutMS=0, receiveBufferSize=0, proxySettings=ProxySettings{host=null, port=null, username=null, password=null}}, heartbeatSocketSettings=SocketSettings{connectTimeoutMS=10000, readTimeoutMS=10000, receiveBufferSize=0, proxySettings=ProxySettings{host=null, port=null, username=null, password=null}}, connectionPoolSettings=ConnectionPoolSettings{maxSize=100, minSize=0, maxWaitTimeMS=120000, maxConnectionLifeTimeMS=0, maxConnectionIdleTimeMS=0, maintenanceInitialDelayMS=0, maintenanceFrequencyMS=60000, connectionPoolListeners=[io.micrometer.core.instrument.binder.mongodb.MongoMetricsConnectionPoolListener@5d21a1df], maxConnecting=2}, serverSettings=ServerSettings{heartbeatFrequencyMS=10000, minHeartbeatFrequencyMS=500, serverMonitoringMode=AUTO, serverListeners='[]', serverMonitorListeners='[]'}, sslSettings=SslSettings{enabled=false, invalidHostNameAllowed=false, context=null}, applicationName='null', compressorList=[], uuidRepresentation=UNSPECIFIED, serverApi=null, autoEncryptionSettings=null, dnsClient=null, inetAddressResolver=null, contextProvider=null, timeoutMS=null}
2026-04-18T13:25:05.488+01:00  INFO 282556 --- [product-service] [localhost:27017] org.mongodb.driver.cluster               : Monitor thread successfully connected to server with description ServerDescription{address=localhost:27017, type=STANDALONE, cryptd=false, state=CONNECTED, ok=true, minWireVersion=0, maxWireVersion=27, maxDocumentSize=16777216, logicalSessionTimeoutMinutes=30, roundTripTimeNanos=1733779, minRoundTripTimeNanos=0}
2026-04-18T13:25:05.564+01:00  WARN 282556 --- [product-service] [  restartedMain] .s.a.UserDetailsServiceAutoConfiguration : 

Using generated security password: 1b55a599-f5de-46e5-b70f-da4cdd1c8879

This generated password is for development use only. Your security configuration must be updated before running your application in production.

2026-04-18T13:25:05.572+01:00  INFO 282556 --- [product-service] [  restartedMain] r$InitializeUserDetailsManagerConfigurer : Global AuthenticationManager configured with UserDetailsService bean with name inMemoryUserDetailsManager
2026-04-18T13:25:05.604+01:00  INFO 282556 --- [product-service] [  restartedMain] o.s.b.a.e.web.EndpointLinksResolver      : Exposing 2 endpoints beneath base path '/actuator'
2026-04-18T13:25:05.659+01:00  INFO 282556 --- [product-service] [  restartedMain] DiscoveryClientOptionalArgsConfiguration : Eureka HTTP Client uses RestClient.
2026-04-18T13:25:05.665+01:00  WARN 282556 --- [product-service] [  restartedMain] iguration$LoadBalancerCaffeineWarnLogger : Spring Cloud LoadBalancer is currently working with the default cache. While this cache implementation is useful for development and tests, it's recommended to use Caffeine cache in production.You can switch to using Caffeine cache, by adding it and org.springframework.cache.caffeine.CaffeineCacheManager to the classpath.
2026-04-18T13:25:05.676+01:00  INFO 282556 --- [product-service] [  restartedMain] o.s.c.n.eureka.InstanceInfoFactory       : Setting initial instance status as: STARTING
2026-04-18T13:25:05.677+01:00  INFO 282556 --- [product-service] [  restartedMain] com.netflix.discovery.DiscoveryClient    : Initializing Eureka in region us-east-1
2026-04-18T13:25:05.678+01:00  INFO 282556 --- [product-service] [  restartedMain] c.n.d.s.r.aws.ConfigClusterResolver      : Resolving eureka endpoints via configuration
2026-04-18T13:25:05.678+01:00  INFO 282556 --- [product-service] [  restartedMain] com.netflix.discovery.DiscoveryClient    : Disable delta property : false
2026-04-18T13:25:05.678+01:00  INFO 282556 --- [product-service] [  restartedMain] com.netflix.discovery.DiscoveryClient    : Single vip registry refresh property : null
2026-04-18T13:25:05.678+01:00  INFO 282556 --- [product-service] [  restartedMain] com.netflix.discovery.DiscoveryClient    : Force full registry fetch : false
2026-04-18T13:25:05.678+01:00  INFO 282556 --- [product-service] [  restartedMain] com.netflix.discovery.DiscoveryClient    : Application is null : false
2026-04-18T13:25:05.678+01:00  INFO 282556 --- [product-service] [  restartedMain] com.netflix.discovery.DiscoveryClient    : Registered Applications size is zero : true
2026-04-18T13:25:05.678+01:00  INFO 282556 --- [product-service] [  restartedMain] com.netflix.discovery.DiscoveryClient    : Application version is -1: true
2026-04-18T13:25:05.678+01:00  INFO 282556 --- [product-service] [  restartedMain] com.netflix.discovery.DiscoveryClient    : Getting all instance registry info from the eureka server
2026-04-18T13:25:05.692+01:00  INFO 282556 --- [product-service] [  restartedMain] com.netflix.discovery.DiscoveryClient    : The response status is 200
2026-04-18T13:25:05.692+01:00  INFO 282556 --- [product-service] [  restartedMain] com.netflix.discovery.DiscoveryClient    : Starting heartbeat executor: renew interval is: 30
2026-04-18T13:25:05.693+01:00  INFO 282556 --- [product-service] [  restartedMain] c.n.discovery.InstanceInfoReplicator     : InstanceInfoReplicator onDemand update allowed rate per min is 4
2026-04-18T13:25:05.693+01:00  INFO 282556 --- [product-service] [  restartedMain] com.netflix.discovery.DiscoveryClient    : Discovery Client initialized at timestamp 1776515105693 with initial instances count: 3
2026-04-18T13:25:05.693+01:00  INFO 282556 --- [product-service] [  restartedMain] o.s.c.n.e.s.EurekaServiceRegistry        : Registering application PRODUCT-SERVICE with eureka with status UP
2026-04-18T13:25:05.693+01:00  INFO 282556 --- [product-service] [  restartedMain] com.netflix.discovery.DiscoveryClient    : Saw local status change event StatusChangeEvent [timestamp=1776515105693, current=UP, previous=STARTING]
2026-04-18T13:25:05.693+01:00  INFO 282556 --- [product-service] [foReplicator-%d] com.netflix.discovery.DiscoveryClient    : DiscoveryClient_PRODUCT-SERVICE/10.1.16.12:product-service:8082: registering service...
2026-04-18T13:25:05.694+01:00  INFO 282556 --- [product-service] [  restartedMain] o.s.boot.tomcat.TomcatWebServer          : Tomcat started on port 8082 (http) with context path '/'
2026-04-18T13:25:05.694+01:00  INFO 282556 --- [product-service] [  restartedMain] .s.c.n.e.s.EurekaAutoServiceRegistration : Updating port to 8082
2026-04-18T13:25:05.702+01:00  INFO 282556 --- [product-service] [foReplicator-%d] com.netflix.discovery.DiscoveryClient    : DiscoveryClient_PRODUCT-SERVICE/10.1.16.12:product-service:8082 - registration status: 204
2026-04-18T13:25:05.743+01:00  INFO 282556 --- [product-service] [  restartedMain] com.buy01.product.ProductApplication     : Started ProductApplication in 0.599 seconds (process running for 65.241)
2026-04-18T13:25:05.745+01:00  INFO 282556 --- [product-service] [  restartedMain] .ConditionEvaluationDeltaLoggingListener : Condition evaluation unchanged
Service is running on http://localhost:8082
2026-04-18T13:30:05.678+01:00  INFO 282556 --- [product-service] [rap-executor-%d] c.n.d.s.r.aws.ConfigClusterResolver      : Resolving eureka endpoints via configuration
