[INFO] Scanning for projects...
[INFO] 
[INFO] ---------------------------< com.buy01:user >---------------------------
[INFO] Building user 0.0.1-SNAPSHOT
[INFO]   from pom.xml
[INFO] --------------------------------[ jar ]---------------------------------
[INFO] 
[INFO] --- clean:3.5.0:clean (default-clean) @ user ---
[INFO] Deleting /home/iichi/specialité/Java/buy-01/user-service/target
[INFO] 
[INFO] >>> spring-boot:4.0.5:run (default-cli) > test-compile @ user >>>
[INFO] 
[INFO] --- resources:3.3.1:resources (default-resources) @ user ---
[INFO] Copying 1 resource from src/main/resources to target/classes
[INFO] Copying 0 resource from src/main/resources to target/classes
[INFO] 
[INFO] --- compiler:3.14.1:compile (default-compile) @ user ---
[INFO] Recompiling the module because of changed source code.
[INFO] Compiling 15 source files with javac [debug parameters release 17] to target/classes
WARNING: A terminally deprecated method in sun.misc.Unsafe has been called
WARNING: sun.misc.Unsafe::objectFieldOffset has been called by lombok.permit.Permit
WARNING: Please consider reporting this to the maintainers of class lombok.permit.Permit
WARNING: sun.misc.Unsafe::objectFieldOffset will be removed in a future release
[INFO] 
[INFO] --- resources:3.3.1:testResources (default-testResources) @ user ---
[INFO] skip non existing resourceDirectory /home/iichi/specialité/Java/buy-01/user-service/src/test/resources
[INFO] 
[INFO] --- compiler:3.14.1:testCompile (default-testCompile) @ user ---
[INFO] Recompiling the module because of changed dependency.
[INFO] Compiling 1 source file with javac [debug parameters release 17] to target/test-classes
[INFO] 
[INFO] <<< spring-boot:4.0.5:run (default-cli) < test-compile @ user <<<
[INFO] 
[INFO] 
[INFO] --- spring-boot:4.0.5:run (default-cli) @ user ---
[INFO] Attaching agents: []

  .   ____          _            __ _ _
 /\\ / ___'_ __ _ _(_)_ __  __ _ \ \ \ \
( ( )\___ | '_ | '_| | '_ \/ _` | \ \ \ \
 \\/  ___)| |_)| | | | | || (_| |  ) ) ) )
  '  |____| .__|_| |_|_| |_\__, | / / / /
 =========|_|==============|___/=/_/_/_/

 :: Spring Boot ::                (v4.0.5)

2026-04-18T13:23:56.036+01:00  INFO 282175 --- [USER-SERVICE] [           main] com.buy01.user.UserApplication           : Starting UserApplication using Java 25.0.2 with PID 282175 (/home/iichi/specialité/Java/buy-01/user-service/target/classes started by iichi in /home/iichi/specialité/Java/buy-01/user-service)
2026-04-18T13:23:56.038+01:00  INFO 282175 --- [USER-SERVICE] [           main] com.buy01.user.UserApplication           : No active profile set, falling back to 1 default profile: "default"
2026-04-18T13:23:56.438+01:00  INFO 282175 --- [USER-SERVICE] [           main] .s.d.r.c.RepositoryConfigurationDelegate : Bootstrapping Spring Data MongoDB repositories in DEFAULT mode.
2026-04-18T13:23:56.494+01:00  INFO 282175 --- [USER-SERVICE] [           main] .s.d.r.c.RepositoryConfigurationDelegate : Finished Spring Data repository scanning in 53 ms. Found 1 MongoDB repository interface.
2026-04-18T13:23:56.642+01:00  INFO 282175 --- [USER-SERVICE] [           main] o.s.cloud.context.scope.GenericScope     : BeanFactory id=53577a4a-751b-3219-8360-91946b80a210
2026-04-18T13:23:56.764+01:00  INFO 282175 --- [USER-SERVICE] [           main] o.s.boot.tomcat.TomcatWebServer          : Tomcat initialized with port 8081 (http)
2026-04-18T13:23:56.770+01:00  INFO 282175 --- [USER-SERVICE] [           main] o.apache.catalina.core.StandardService   : Starting service [Tomcat]
2026-04-18T13:23:56.770+01:00  INFO 282175 --- [USER-SERVICE] [           main] o.apache.catalina.core.StandardEngine    : Starting Servlet engine: [Apache Tomcat/11.0.20]
2026-04-18T13:23:56.807+01:00  INFO 282175 --- [USER-SERVICE] [           main] b.w.c.s.WebApplicationContextInitializer : Root WebApplicationContext: initialization completed in 748 ms
2026-04-18T13:23:56.979+01:00  INFO 282175 --- [USER-SERVICE] [           main] org.mongodb.driver.client                : MongoClient with metadata {"driver": {"name": "mongo-java-driver|spring-boot|sync", "version": "5.6.4"}, "os": {"type": "Linux", "name": "Linux", "architecture": "amd64", "version": "6.8.0-106-generic"}, "platform": "Java/Ubuntu/25.0.2+10-Ubuntu-122.04"} created with settings MongoClientSettings{readPreference=primary, writeConcern=WriteConcern{w=null, wTimeout=null ms, journal=null}, retryWrites=true, retryReads=true, readConcern=ReadConcern{level=null}, credential=null, transportSettings=null, commandListeners=[io.micrometer.core.instrument.binder.mongodb.MongoMetricsCommandListener@45c408a4], codecRegistry=ProvidersCodecRegistry{codecProviders=[ValueCodecProvider{}, BsonValueCodecProvider{}, DBRefCodecProvider{}, DBObjectCodecProvider{}, DocumentCodecProvider{}, CollectionCodecProvider{}, IterableCodecProvider{}, MapCodecProvider{}, GeoJsonCodecProvider{}, GridFSFileCodecProvider{}, Jsr310CodecProvider{}, JsonObjectCodecProvider{}, BsonCodecProvider{}, com.mongodb.client.model.mql.ExpressionCodecProvider@369a95a5, com.mongodb.Jep395RecordCodecProvider@543da15, com.mongodb.KotlinCodecProvider@69d7bc1a, EnumCodecProvider{}]}, loggerSettings=LoggerSettings{maxDocumentLength=1000}, clusterSettings={hosts=[localhost:27017], srvServiceName=mongodb, mode=SINGLE, requiredClusterType=UNKNOWN, requiredReplicaSetName='null', serverSelector='null', clusterListeners='[]', serverSelectionTimeout='30000 ms', localThreshold='15 ms'}, socketSettings=SocketSettings{connectTimeoutMS=10000, readTimeoutMS=0, receiveBufferSize=0, proxySettings=ProxySettings{host=null, port=null, username=null, password=null}}, heartbeatSocketSettings=SocketSettings{connectTimeoutMS=10000, readTimeoutMS=10000, receiveBufferSize=0, proxySettings=ProxySettings{host=null, port=null, username=null, password=null}}, connectionPoolSettings=ConnectionPoolSettings{maxSize=100, minSize=0, maxWaitTimeMS=120000, maxConnectionLifeTimeMS=0, maxConnectionIdleTimeMS=0, maintenanceInitialDelayMS=0, maintenanceFrequencyMS=60000, connectionPoolListeners=[io.micrometer.core.instrument.binder.mongodb.MongoMetricsConnectionPoolListener@cb318ac], maxConnecting=2}, serverSettings=ServerSettings{heartbeatFrequencyMS=10000, minHeartbeatFrequencyMS=500, serverMonitoringMode=AUTO, serverListeners='[]', serverMonitorListeners='[]'}, sslSettings=SslSettings{enabled=false, invalidHostNameAllowed=false, context=null}, applicationName='null', compressorList=[], uuidRepresentation=UNSPECIFIED, serverApi=null, autoEncryptionSettings=null, dnsClient=null, inetAddressResolver=null, contextProvider=null, timeoutMS=null}
2026-04-18T13:23:56.988+01:00  INFO 282175 --- [USER-SERVICE] [localhost:27017] org.mongodb.driver.cluster               : Monitor thread successfully connected to server with description ServerDescription{address=localhost:27017, type=STANDALONE, cryptd=false, state=CONNECTED, ok=true, minWireVersion=0, maxWireVersion=27, maxDocumentSize=16777216, logicalSessionTimeoutMinutes=30, roundTripTimeNanos=7774462, minRoundTripTimeNanos=0}
2026-04-18T13:23:57.224+01:00  WARN 282175 --- [USER-SERVICE] [           main] .s.a.UserDetailsServiceAutoConfiguration : 

Using generated security password: d51cc701-3ee9-4b30-8887-abccccde4ef1

This generated password is for development use only. Your security configuration must be updated before running your application in production.

2026-04-18T13:23:57.227+01:00  INFO 282175 --- [USER-SERVICE] [           main] r$InitializeUserDetailsManagerConfigurer : Global AuthenticationManager configured with UserDetailsService bean with name inMemoryUserDetailsManager
2026-04-18T13:23:57.502+01:00  INFO 282175 --- [USER-SERVICE] [           main] DiscoveryClientOptionalArgsConfiguration : Eureka HTTP Client uses RestClient.
2026-04-18T13:23:57.517+01:00  WARN 282175 --- [USER-SERVICE] [           main] iguration$LoadBalancerCaffeineWarnLogger : Spring Cloud LoadBalancer is currently working with the default cache. While this cache implementation is useful for development and tests, it's recommended to use Caffeine cache in production.You can switch to using Caffeine cache, by adding it and org.springframework.cache.caffeine.CaffeineCacheManager to the classpath.
2026-04-18T13:23:57.521+01:00  INFO 282175 --- [USER-SERVICE] [           main] o.s.b.a.e.web.EndpointLinksResolver      : Exposing 2 endpoints beneath base path '/actuator'
2026-04-18T13:23:57.544+01:00  INFO 282175 --- [USER-SERVICE] [           main] o.s.c.n.eureka.InstanceInfoFactory       : Setting initial instance status as: STARTING
2026-04-18T13:23:57.554+01:00  INFO 282175 --- [USER-SERVICE] [           main] com.netflix.discovery.DiscoveryClient    : Initializing Eureka in region us-east-1
2026-04-18T13:23:57.556+01:00  INFO 282175 --- [USER-SERVICE] [           main] c.n.d.s.r.aws.ConfigClusterResolver      : Resolving eureka endpoints via configuration
2026-04-18T13:23:57.562+01:00  INFO 282175 --- [USER-SERVICE] [           main] com.netflix.discovery.DiscoveryClient    : Disable delta property : false
2026-04-18T13:23:57.562+01:00  INFO 282175 --- [USER-SERVICE] [           main] com.netflix.discovery.DiscoveryClient    : Single vip registry refresh property : null
2026-04-18T13:23:57.562+01:00  INFO 282175 --- [USER-SERVICE] [           main] com.netflix.discovery.DiscoveryClient    : Force full registry fetch : false
2026-04-18T13:23:57.562+01:00  INFO 282175 --- [USER-SERVICE] [           main] com.netflix.discovery.DiscoveryClient    : Application is null : false
2026-04-18T13:23:57.562+01:00  INFO 282175 --- [USER-SERVICE] [           main] com.netflix.discovery.DiscoveryClient    : Registered Applications size is zero : true
2026-04-18T13:23:57.562+01:00  INFO 282175 --- [USER-SERVICE] [           main] com.netflix.discovery.DiscoveryClient    : Application version is -1: true
2026-04-18T13:23:57.562+01:00  INFO 282175 --- [USER-SERVICE] [           main] com.netflix.discovery.DiscoveryClient    : Getting all instance registry info from the eureka server
2026-04-18T13:23:57.716+01:00  INFO 282175 --- [USER-SERVICE] [           main] com.netflix.discovery.DiscoveryClient    : The response status is 200
2026-04-18T13:23:57.717+01:00  INFO 282175 --- [USER-SERVICE] [           main] com.netflix.discovery.DiscoveryClient    : Starting heartbeat executor: renew interval is: 30
2026-04-18T13:23:57.718+01:00  INFO 282175 --- [USER-SERVICE] [           main] c.n.discovery.InstanceInfoReplicator     : InstanceInfoReplicator onDemand update allowed rate per min is 4
2026-04-18T13:23:57.718+01:00  INFO 282175 --- [USER-SERVICE] [           main] com.netflix.discovery.DiscoveryClient    : Discovery Client initialized at timestamp 1776515037718 with initial instances count: 0
2026-04-18T13:23:57.721+01:00  INFO 282175 --- [USER-SERVICE] [           main] o.s.c.n.e.s.EurekaServiceRegistry        : Registering application USER-SERVICE with eureka with status UP
2026-04-18T13:23:57.721+01:00  INFO 282175 --- [USER-SERVICE] [           main] com.netflix.discovery.DiscoveryClient    : Saw local status change event StatusChangeEvent [timestamp=1776515037721, current=UP, previous=STARTING]
2026-04-18T13:23:57.722+01:00  INFO 282175 --- [USER-SERVICE] [foReplicator-%d] com.netflix.discovery.DiscoveryClient    : DiscoveryClient_USER-SERVICE/10.1.16.12:USER-SERVICE:8081: registering service...
2026-04-18T13:23:57.729+01:00  INFO 282175 --- [USER-SERVICE] [           main] o.s.boot.tomcat.TomcatWebServer          : Tomcat started on port 8081 (http) with context path '/'
2026-04-18T13:23:57.730+01:00  INFO 282175 --- [USER-SERVICE] [           main] .s.c.n.e.s.EurekaAutoServiceRegistration : Updating port to 8081
2026-04-18T13:23:57.743+01:00  INFO 282175 --- [USER-SERVICE] [foReplicator-%d] com.netflix.discovery.DiscoveryClient    : DiscoveryClient_USER-SERVICE/10.1.16.12:USER-SERVICE:8081 - registration status: 204
2026-04-18T13:23:57.778+01:00  INFO 282175 --- [USER-SERVICE] [           main] com.buy01.user.UserApplication           : Started UserApplication in 1.969 seconds (process running for 2.21)
Server running in http://localhost:8081
2026-04-18T13:24:27.717+01:00  INFO 282175 --- [USER-SERVICE] [reshExecutor-%d] com.netflix.discovery.DiscoveryClient    : Disable delta property : false
2026-04-18T13:24:27.717+01:00  INFO 282175 --- [USER-SERVICE] [reshExecutor-%d] com.netflix.discovery.DiscoveryClient    : Single vip registry refresh property : null
2026-04-18T13:24:27.717+01:00  INFO 282175 --- [USER-SERVICE] [reshExecutor-%d] com.netflix.discovery.DiscoveryClient    : Force full registry fetch : false
2026-04-18T13:24:27.717+01:00  INFO 282175 --- [USER-SERVICE] [reshExecutor-%d] com.netflix.discovery.DiscoveryClient    : Application is null : false
2026-04-18T13:24:27.717+01:00  INFO 282175 --- [USER-SERVICE] [reshExecutor-%d] com.netflix.discovery.DiscoveryClient    : Registered Applications size is zero : true
2026-04-18T13:24:27.717+01:00  INFO 282175 --- [USER-SERVICE] [reshExecutor-%d] com.netflix.discovery.DiscoveryClient    : Application version is -1: false
2026-04-18T13:24:27.717+01:00  INFO 282175 --- [USER-SERVICE] [reshExecutor-%d] com.netflix.discovery.DiscoveryClient    : Getting all instance registry info from the eureka server
2026-04-18T13:24:27.728+01:00  INFO 282175 --- [USER-SERVICE] [reshExecutor-%d] com.netflix.discovery.DiscoveryClient    : The response status is 200
2026-04-18T13:25:57.898+01:00  INFO 282175 --- [USER-SERVICE] [nio-8081-exec-1] o.a.c.c.C.[Tomcat].[localhost].[/]       : Initializing Spring DispatcherServlet 'dispatcherServlet'
2026-04-18T13:25:57.898+01:00  INFO 282175 --- [USER-SERVICE] [nio-8081-exec-1] o.s.web.servlet.DispatcherServlet        : Initializing Servlet 'dispatcherServlet'
2026-04-18T13:25:57.900+01:00  INFO 282175 --- [USER-SERVICE] [nio-8081-exec-1] o.s.web.servlet.DispatcherServlet        : Completed initialization in 2 ms
2026-04-18T13:28:57.563+01:00  INFO 282175 --- [USER-SERVICE] [rap-executor-%d] c.n.d.s.r.aws.ConfigClusterResolver      : Resolving eureka endpoints via configuration
